// Vitest Snapshot v1, https://vitest.dev/guide/snapshot.html

exports[`shows alert 1`] = `
"<div data-v-3f4a8ec2=\\"\\" class=\\"v-alert v-theme--light bg-error v-alert--density-default v-alert--variant-flat\\" role=\\"alert\\">
  <!----><span class=\\"v-alert__underlay\\"></span>
  <!---->
  <div class=\\"v-alert__prepend\\"><i class=\\"mdi-close-circle mdi v-icon notranslate v-theme--light\\" style=\\"font-size: 28px; height: 28px; width: 28px;\\" aria-hidden=\\"true\\" density=\\"default\\"></i></div>
  <div class=\\"v-alert__content\\">
    <!---->error message
    <!-- div wrapper to show the button under the text and not inline with the text -->
    <div data-v-3f4a8ec2=\\"\\"><a data-v-3f4a8ec2=\\"\\" class=\\"v-btn v-btn--elevated v-theme--light v-btn--density-default v-btn--size-default v-btn--variant-elevated alert-button\\" href=\\"/\\"><span class=\\"v-btn__overlay\\"></span><span class=\\"v-btn__underlay\\"></span>
        <!----><span class=\\"v-btn__content\\" data-no-activator=\\"\\">Go to Search</span>
        <!---->
        <!---->
      </a></div>
  </div>
  <!---->
  <!---->
</div>"
`;
